// Jest Snapshot v1, https://goo.gl/fbAQLP

exports[`matches snapshot 1`] = `
<DocumentFragment>
  <form
    class="my-2 col-md-8 offset-md-2"
  >
    <div
      class="login-container"
    >
      <label
        class="form-label"
        for="username"
      >
        <b>
          Username
        </b>
      </label>
      <input
        class="form-control"
        id="username"
        name="username"
        placeholder="Enter Username"
        required=""
        type="text"
        value="testuser"
      />
      <label
        class="form-label"
        for="password"
      >
        <b>
          Password
        </b>
      </label>
      <input
        class="form-control"
        id="password"
        name="password"
        placeholder="Enter Password"
        required=""
        type="password"
        value="password"
      />
      <label
        class="form-label"
        for="firstName"
      >
        <b>
          First Name
        </b>
      </label>
      <input
        class="form-control"
        id="firstName"
        name="firstName"
        placeholder="Enter First Name"
        required=""
        type="text"
        value=""
      />
      <label
        class="form-label"
        for="lastName"
      >
        <b>
          Last Name
        </b>
      </label>
      <input
        class="form-control"
        id="lastName"
        name="lastName"
        placeholder="Enter Last Name"
        required=""
        type="text"
        value=""
      />
      <label
        class="form-label"
        for="email"
      >
        <b>
          Email
        </b>
      </label>
      <input
        class="form-control"
        id="email"
        name="email"
        placeholder="Enter Email"
        required=""
        type="text"
        value=""
      />
      <button
        class="btn btn-primary"
        type="submit"
      >
        Signup
      </button>
    </div>
    <div
      class="login-container"
      style="background-color: rgb(241, 241, 241);"
    >
      <button
        class="cancelbtn btn btn-danger"
        type="button"
      >
        Cancel
      </button>
    </div>
  </form>
</DocumentFragment>
`;
